---
source: src/model.rs
expression: response
---
{
  "effective_response_profile": "balanced",
  "workflow": "implementation",
  "fragments": [
    {
      "path": "src/lib.rs",
      "start_line": 4,
      "end_line": 6,
      "content": "pub fn answer() -> u8 { 42 }",
      "reason": "symbol; focus"
    }
  ],
  "receipt": {
    "fragment_hashes": [
      "fragment-hash"
    ]
  },
  "omitted": [
    {
      "path": "src/other.rs",
      "start_line": 10,
      "end_line": 12,
      "reason": "budget or result limit"
    }
  ],
  "omission_summary": {
    "budget_or_result_limit": 1
  },
  "warnings": [
    "1 omitted"
  ],
  "meta": {
    "repository_id": "repository",
    "repository_generation": 7,
    "freshness": "reconciling",
    "source_tokens": 9,
    "protocol_tokens": 17,
    "path_and_metadata_tokens": 97,
    "total_response_tokens": 123,
    "payload_tokens": 123,
    "tokenizer": "cl100k_base",
    "emitted_tokens": 9,
    "token_count_exact": true
  }
}
